================================================================
== Vitis HLS Report for 'oe_hls_scatter_kernel'
================================================================
 * Date: Fri Jul 3 12:00:00 2026

 * Version: 2024.2
 * Project: oe_scatter_proj
 * Solution: sol1 (Vivado Flow Target)
 * Product family: zynquplus
 * Target device: xczu3eg-sbva484-1-e

================================================================
== Performance Estimates
================================================================
+ Timing:
    * Summary:
    +--------+---------+----------+------------+
    |  Clock |  Target | Estimated| Uncertainty|
    +--------+---------+----------+------------+
    |ap_clk  |  3.33 ns|  2.406 ns|    0.899 ns|
    +--------+---------+----------+------------+

+ Latency:
    * Summary:
    +---------+---------+----------+----------+-----+-----+---------+
    |  Latency (cycles) |  Latency (absolute) |  Interval | Pipeline|
    |     min   |     max   |    min   |    max   | min | max |   Type  |
    +---------+---------+----------+----------+-----+-----+---------+
    |        9 |        9 | 29.754 ns| 29.754 ns|   10|   10|      none|
    +---------+---------+----------+----------+-----+-----+---------+

    * Loop:
    +--------------------+-----+-----+-----+-----+-----+
    |                    | Latency |  Iteration |  Interval | Trip |
    |        Loop Name   |  (cycles) |  Latency |  (cycles) | Count|
    +--------------------+-----+-----+-----+-----+-----+
    | scatter_successors |  8 ~ 8 |    1   |    1  | 0 ~ 8|
    +--------------------+-----+-----+-----+-----+-----+

Estimated Fmax: 415.63 MHz
